2025-10-14 16:34:18.841 - RealTimeSTT: realtimestt - INFO - Starting RealTimeSTT
2025-10-14 16:34:18.844 - RealTimeSTT: realtimestt - INFO - Initializing WebRTC voice with Sensitivity 3
2025-10-14 16:34:18.845 - RealTimeSTT: realtimestt - DEBUG - WebRTC VAD voice activity detection engine initialized successfully
2025-10-14 16:34:19.202 - RealTimeSTT: realtimestt - DEBUG - Silero VAD voice activity detection engine initialized successfully
2025-10-14 16:34:19.203 - RealTimeSTT: realtimestt - DEBUG - Starting realtime worker
2025-10-14 16:34:19.203 - RealTimeSTT: realtimestt - DEBUG - Waiting for main transcription model to start
2025-10-14 16:34:41.631 - RealTimeSTT: realtimestt - DEBUG - Main transcription model ready
2025-10-14 16:34:41.631 - RealTimeSTT: realtimestt - DEBUG - RealtimeSTT initialization completed successfully
2025-10-14 16:34:44.005 - RealTimeSTT: realtimestt - DEBUG - Finishing recording thread
2025-10-14 16:34:44.016 - RealTimeSTT: realtimestt - DEBUG - Terminating reader process
2025-10-14 16:34:44.016 - RealTimeSTT: realtimestt - DEBUG - Terminating transcription process
2025-10-14 16:34:44.064 - RealTimeSTT: realtimestt - DEBUG - Finishing realtime thread
2025-10-14 16:35:25.624 - RealTimeSTT: realtimestt - INFO - Starting RealTimeSTT
2025-10-14 16:35:25.627 - RealTimeSTT: realtimestt - INFO - Initializing WebRTC voice with Sensitivity 3
2025-10-14 16:35:25.627 - RealTimeSTT: realtimestt - DEBUG - WebRTC VAD voice activity detection engine initialized successfully
2025-10-14 16:35:25.949 - RealTimeSTT: realtimestt - DEBUG - Silero VAD voice activity detection engine initialized successfully
2025-10-14 16:35:25.950 - RealTimeSTT: realtimestt - DEBUG - Starting realtime worker
2025-10-14 16:35:25.950 - RealTimeSTT: realtimestt - DEBUG - Waiting for main transcription model to start
2025-10-14 16:35:26.868 - RealTimeSTT: realtimestt - DEBUG - Main transcription model ready
2025-10-14 16:35:26.868 - RealTimeSTT: realtimestt - DEBUG - RealtimeSTT initialization completed successfully
2025-10-14 16:35:54.530 - RealTimeSTT: realtimestt - DEBUG - Finishing recording thread
2025-10-14 16:35:54.536 - RealTimeSTT: realtimestt - DEBUG - Terminating reader process
2025-10-14 16:35:54.537 - RealTimeSTT: realtimestt - DEBUG - Terminating transcription process
2025-10-14 16:35:54.643 - RealTimeSTT: realtimestt - DEBUG - Finishing realtime thread
2025-10-14 16:39:17.463 - RealTimeSTT: realtimestt - INFO - Starting RealTimeSTT
2025-10-14 16:39:17.466 - RealTimeSTT: realtimestt - INFO - Initializing WebRTC voice with Sensitivity 3
2025-10-14 16:39:17.466 - RealTimeSTT: realtimestt - DEBUG - WebRTC VAD voice activity detection engine initialized successfully
2025-10-14 16:39:17.775 - RealTimeSTT: realtimestt - DEBUG - Silero VAD voice activity detection engine initialized successfully
2025-10-14 16:39:17.776 - RealTimeSTT: realtimestt - DEBUG - Starting realtime worker
2025-10-14 16:39:17.776 - RealTimeSTT: realtimestt - DEBUG - Waiting for main transcription model to start
2025-10-14 16:39:18.652 - RealTimeSTT: realtimestt - DEBUG - Main transcription model ready
2025-10-14 16:39:18.653 - RealTimeSTT: realtimestt - DEBUG - RealtimeSTT initialization completed successfully
2025-10-14 16:39:43.747 - RealTimeSTT: realtimestt - DEBUG - Finishing recording thread
2025-10-14 16:39:43.752 - RealTimeSTT: realtimestt - DEBUG - Terminating reader process
2025-10-14 16:39:43.752 - RealTimeSTT: realtimestt - DEBUG - Terminating transcription process
2025-10-14 16:39:43.865 - RealTimeSTT: realtimestt - DEBUG - Finishing realtime thread
